// Jest Snapshot v1, https://goo.gl/fbAQLP

exports[`renders correctly 1`] = `
<div
  className="App"
>
  <header
    className="App-header"
  >
    <img
      alt="logo"
      className="App-logo"
      src="logo-endless.svg"
    />
  </header>
  <main
    className="main-container"
  >
    <section
      className="main-content--container"
    >
      <div
        className="section-column"
      >
        <h3
          className="shadowed"
        >
          New Games & Accessories
        </h3>
        <h2
          className="shadowed"
        >
          Monthly packages.
        </h2>
        <h2
          className="shadowed"
        >
          Excitement delivered daily.
        </h2>
        <p
          className="shadowed"
        >
          What’s the best way to shop for the latest video games and peripherals? How about never shopping at all? You’ll get new stuff on your doorstep — every month.
        </p>
        <button>
          GET STARTED
        </button>
      </div>
    </section>
  </main>
  <section
    className="how-it-works"
  >
    <p
      className="section-title"
    >
      How It Works
    </p>
    <div>
      Loading...
    </div>
  </section>
</div>
`;
